// Jest Snapshot v1, https://goo.gl/fbAQLP

exports[`test Review Reply Form should match snapshot 1`] = `
<DocumentFragment>
  <div
    class="ui fluid container"
    data-testid="review-reply-form"
    style="margin: 20px; padding: 20px;"
  >
    <h3
      class="ui header"
    >
      Reply to testuser's review:
    </h3>
    <form
      class="ui form"
    >
      <div
        class="field"
      >
        <textarea
          name="body"
          placeholder="Reply to this review"
          rows="3"
        />
      </div>
      <button
        class="ui green small button"
        data-testid="submit-button"
        type="submit"
      >
        Reply
      </button>
      <button
        class="ui red small button"
      >
        Cancel
      </button>
    </form>
  </div>
</DocumentFragment>
`;
