// Jest Snapshot v1, https://goo.gl/fbAQLP

exports[`test Review Form should match snapshot 1`] = `
<DocumentFragment>
  <div
    class="ui grid"
  >
    <div
      class="row"
    >
      <div
        class="four wide column"
      >
        <div
          class="ui segment"
          style="overflow: auto; max-height: 75vh;"
        >
          <div
            class="ui card"
            id="ski-area-card"
          >
             
            <div
              class="content"
            >
              <a
                href="/ski-areas/ski-area-1"
              >
                Ski Area 1
              </a>
            </div>
            <div
              class="content"
            >
              <a
                href="/ski-areas/ski-area-1"
              >
                Ski Area 1
              </a>
            </div>
          </div>
        </div>
      </div>
      <div
        class="eight wide column"
      >
        <div
          class="ui segment"
        >
          <div
            class="ui fluid container"
          >
            <form
              class="ui form"
              data-testid="review-form"
            >
              <div
                class="required field"
              >
                <label>
                  Header
                </label>
                <input
                  name="header"
                  value=""
                />
              </div>
              <div
                class="required field"
              >
                <textarea
                  name="body"
                  placeholder="How was it?"
                  required=""
                  rows="3"
                />
              </div>
               
              <label>
                How would you rate your experience?
              </label>
              <div
                aria-expanded="false"
                class="ui fluid selection dropdown"
                role="listbox"
                tabindex="0"
              >
                <i
                  aria-hidden="true"
                  class="dropdown icon clear"
                />
                <div
                  class="menu transition"
                >
                  <div
                    aria-checked="false"
                    aria-selected="true"
                    class="selected item"
                    role="option"
                    style="pointer-events: all;"
                  >
                    <span
                      class="text"
                    >
                      1
                    </span>
                  </div>
                  <div
                    aria-checked="false"
                    aria-selected="false"
                    class="item"
                    role="option"
                    style="pointer-events: all;"
                  >
                    <span
                      class="text"
                    >
                      2
                    </span>
                  </div>
                  <div
                    aria-checked="false"
                    aria-selected="false"
                    class="item"
                    role="option"
                    style="pointer-events: all;"
                  >
                    <span
                      class="text"
                    >
                      3
                    </span>
                  </div>
                  <div
                    aria-checked="false"
                    aria-selected="false"
                    class="item"
                    role="option"
                    style="pointer-events: all;"
                  >
                    <span
                      class="text"
                    >
                      4
                    </span>
                  </div>
                  <div
                    aria-checked="false"
                    aria-selected="false"
                    class="item"
                    role="option"
                    style="pointer-events: all;"
                  >
                    <span
                      class="text"
                    >
                      5
                    </span>
                  </div>
                </div>
              </div>
              <div
                class="ui divider"
              />
              <button
                class="ui button"
                data-testid="review-button"
                type="submit"
              >
                Send it!
              </button>
              <div
                class="ui divider"
              />
            </form>
          </div>
        </div>
      </div>
      <div
        class="four wide column"
      >
        <div
          class="ui card"
        >
          <div
            class="content"
            id="review-card"
          >
            <div
              class="header"
            >
              <a
                href="/ski-areas/reviews/review-1"
              >
                test review
              </a>
               
              <div
                class="ui divider"
              />
              Ski Area 1
            </div>
            <div
              class="description"
            >
              By testuser
            </div>
            <div
              class="meta"
            >
              <div
                class="ui star disabled rating"
                role="radiogroup"
                tabindex="0"
              >
                <i
                  aria-checked="false"
                  aria-posinset="1"
                  aria-setsize="5"
                  class="active icon"
                  role="radio"
                  tabindex="-1"
                />
                <i
                  aria-checked="false"
                  aria-posinset="2"
                  aria-setsize="5"
                  class="active icon"
                  role="radio"
                  tabindex="-1"
                />
                <i
                  aria-checked="false"
                  aria-posinset="3"
                  aria-setsize="5"
                  class="active icon"
                  role="radio"
                  tabindex="-1"
                />
                <i
                  aria-checked="false"
                  aria-posinset="4"
                  aria-setsize="5"
                  class="active icon"
                  role="radio"
                  tabindex="-1"
                />
                <i
                  aria-checked="true"
                  aria-posinset="5"
                  aria-setsize="5"
                  class="active icon"
                  role="radio"
                  tabindex="-1"
                />
              </div>
            </div>
            Invalid Date
          </div>
        </div>
        <div
          class="ui card"
        >
          <div
            class="content"
            id="review-card"
          >
            <div
              class="header"
            >
              <a
                href="/ski-areas/reviews/review-2"
              >
                test review
              </a>
               
              <div
                class="ui divider"
              />
              Ski Area 2
            </div>
            <div
              class="description"
            >
              By testuser2
            </div>
            <div
              class="meta"
            >
              <div
                class="ui star disabled rating"
                role="radiogroup"
                tabindex="0"
              >
                <i
                  aria-checked="false"
                  aria-posinset="1"
                  aria-setsize="5"
                  class="active icon"
                  role="radio"
                  tabindex="-1"
                />
                <i
                  aria-checked="true"
                  aria-posinset="2"
                  aria-setsize="5"
                  class="active icon"
                  role="radio"
                  tabindex="-1"
                />
                <i
                  aria-checked="false"
                  aria-posinset="3"
                  aria-setsize="5"
                  class="icon"
                  role="radio"
                  tabindex="-1"
                />
                <i
                  aria-checked="false"
                  aria-posinset="4"
                  aria-setsize="5"
                  class="icon"
                  role="radio"
                  tabindex="-1"
                />
                <i
                  aria-checked="false"
                  aria-posinset="5"
                  aria-setsize="5"
                  class="icon"
                  role="radio"
                  tabindex="-1"
                />
              </div>
            </div>
            Invalid Date
          </div>
        </div>
      </div>
    </div>
  </div>
</DocumentFragment>
`;
