// Jest Snapshot v1, https://goo.gl/fbAQLP

exports[`test Ski Area should match snapshot 1`] = `
<DocumentFragment>
  <div
    class="ui raised segment"
  >
    <div
      class="ui huge header"
      data-testid="ski-area-header"
    >
      <a
        data-testid="ski-area-name"
        href="/ski-areas/ski-area-1"
      >
        Test Ski Area
      </a>
    </div>
    <div
      class="ui right aligned container"
    >
      <p
        data-testid="ski-area-country"
        style="color: royalblue;"
      >
        US
      </p>
      <p
        data-testid="ski-area-region"
        style="color: royalblue;"
      >
        CO
      </p>
    </div>
    <div
      class="ui right aligned container"
    >
      <p>
        <small>
          <span
            style="color: royalblue;"
          >
            <i
              aria-hidden="true"
              class="map outline icon"
            />
          </span>
           0, 0
        </small>
      </p>
    </div>
  </div>
</DocumentFragment>
`;
